nginx_1            | 177.136.148.42 - - [08/Aug/2019:13:19:59 +0000] "GET /talk/strict HTTP/1.1" 200 1532 "-" "Mozilla/5.0 (Windows NT 10.0; Win64; x64) AppleWebKit/537.36 (KHTML, like Gecko) Chrome/75.0.3770.142 Safari/537.36"
nginx_1            | 177.136.148.42 - - [08/Aug/2019:13:20:00 +0000] "GET /api/projects/default/entities HTTP/1.1" 200 2 "http://ec2-52-14-39-183.us-east-2.compute.amazonaws.com/talk/strict" "Mozilla/5.0 (Windows NT 10.0; Win64; x64) AppleWebKit/537.36 (KHTML, like Gecko) Chrome/75.0.3770.142 Safari/537.36"
nginx_1            | 177.136.148.42 - - [08/Aug/2019:13:20:00 +0000] "GET /api/environments HTTP/1.1" 200 184 "http://ec2-52-14-39-183.us-east-2.compute.amazonaws.com/talk/strict" "Mozilla/5.0 (Windows NT 10.0; Win64; x64) AppleWebKit/537.36 (KHTML, like Gecko) Chrome/75.0.3770.142 Safari/537.36"
rabbit_1           | 2019-08-08 13:20:00.860 [info] <0.1335.0> accepting AMQP connection <0.1335.0> (172.19.0.7:46700 -> 172.19.0.2:5672)
rabbit_1           | 2019-08-08 13:20:00.863 [info] <0.1335.0> connection <0.1335.0> (172.19.0.7:46700 -> 172.19.0.2:5672): user 'user' authenticated and granted access to vhost '/'
rabbit_1           | 2019-08-08 13:20:00.871 [info] <0.1335.0> closing AMQP connection <0.1335.0> (172.19.0.7:46700 -> 172.19.0.2:5672, vhost: '/', user: 'user')
nginx_1            | 177.136.148.42 - - [08/Aug/2019:13:20:00 +0000] "POST /api/conversations HTTP/1.1" 201 323 "http://ec2-52-14-39-183.us-east-2.compute.amazonaws.com/talk/strict" "Mozilla/5.0 (Windows NT 10.0; Win64; x64) AppleWebKit/537.36 (KHTML, like Gecko) Chrome/75.0.3770.142 Safari/537.36"
nginx_1            | 177.136.148.42 - - [08/Aug/2019:13:20:00 +0000] "GET /api/features HTTP/1.1" 200 2 "http://ec2-52-14-39-183.us-east-2.compute.amazonaws.com/talk/strict" "Mozilla/5.0 (Windows NT 10.0; Win64; x64) AppleWebKit/537.36 (KHTML, like Gecko) Chrome/75.0.3770.142 Safari/537.36"
nginx_1            | 177.136.148.42 - - [08/Aug/2019:13:20:00 +0000] "GET /icons/favicon.ico HTTP/1.1" 200 6518 "http://ec2-52-14-39-183.us-east-2.compute.amazonaws.com/talk/strict" "Mozilla/5.0 (Windows NT 10.0; Win64; x64) AppleWebKit/537.36 (KHTML, like Gecko) Chrome/75.0.3770.142 Safari/537.36"
nginx_1            | 177.136.148.42 - - [08/Aug/2019:13:20:01 +0000] "GET /api/projects/default/intents HTTP/1.1" 200 1472 "http://ec2-52-14-39-183.us-east-2.compute.amazonaws.com/talk/strict" "Mozilla/5.0 (Windows NT 10.0; Win64; x64) AppleWebKit/537.36 (KHTML, like Gecko) Chrome/75.0.3770.142 Safari/537.36"
rabbit_1           | 2019-08-08 13:20:03.183 [info] <0.1348.0> accepting AMQP connection <0.1348.0> (172.19.0.7:46714 -> 172.19.0.2:5672)
rabbit_1           | 2019-08-08 13:20:03.185 [info] <0.1348.0> connection <0.1348.0> (172.19.0.7:46714 -> 172.19.0.2:5672): user 'user' authenticated and granted access to vhost '/'
rabbit_1           | 2019-08-08 13:20:03.191 [info] <0.1348.0> closing AMQP connection <0.1348.0> (172.19.0.7:46714 -> 172.19.0.2:5672, vhost: '/', user: 'user')
nginx_1            | 177.136.148.42 - - [08/Aug/2019:13:20:03 +0000] "POST /api/conversations HTTP/1.1" 201 323 "http://ec2-52-14-39-183.us-east-2.compute.amazonaws.com/talk/strict" "Mozilla/5.0 (Windows NT 10.0; Win64; x64) AppleWebKit/537.36 (KHTML, like Gecko) Chrome/75.0.3770.142 Safari/537.36"
nginx_1            | 177.136.148.42 - - [08/Aug/2019:13:20:05 +0000] "POST /api/projects/default/logs?q=hi HTTP/1.1" 200 489 "http://ec2-52-14-39-183.us-east-2.compute.amazonaws.com/talk/strict" "Mozilla/5.0 (Windows NT 10.0; Win64; x64) AppleWebKit/537.36 (KHTML, like Gecko) Chrome/75.0.3770.142 Safari/537.36"
rabbit_1           | 2019-08-08 13:20:08.367 [info] <0.1361.0> accepting AMQP connection <0.1361.0> (172.19.0.7:46730 -> 172.19.0.2:5672)
rabbit_1           | 2019-08-08 13:20:08.370 [info] <0.1361.0> connection <0.1361.0> (172.19.0.7:46730 -> 172.19.0.2:5672): user 'user' authenticated and granted access to vhost '/'
rabbit_1           | 2019-08-08 13:20:08.376 [info] <0.1361.0> closing AMQP connection <0.1361.0> (172.19.0.7:46730 -> 172.19.0.2:5672, vhost: '/', user: 'user')
nginx_1            | 177.136.148.42 - - [08/Aug/2019:13:20:08 +0000] "POST /api/conversations/cf094b0463c5473cb1291beaa97561e8/events HTTP/1.1" 200 389 "http://ec2-52-14-39-183.us-east-2.compute.amazonaws.com/talk/strict" "Mozilla/5.0 (Windows NT 10.0; Win64; x64) AppleWebKit/537.36 (KHTML, like Gecko) Chrome/75.0.3770.142 Safari/537.36"
nginx_1            | 177.136.148.42 - - [08/Aug/2019:13:20:08 +0000] "GET /api/projects/default/actions HTTP/1.1" 200 98 "http://ec2-52-14-39-183.us-east-2.compute.amazonaws.com/talk/strict" "Mozilla/5.0 (Windows NT 10.0; Win64; x64) AppleWebKit/537.36 (KHTML, like Gecko) Chrome/75.0.3770.142 Safari/537.36"
nginx_1            | 177.136.148.42 - - [08/Aug/2019:13:20:08 +0000] "POST /api/conversations/cf094b0463c5473cb1291beaa97561e8/predict HTTP/1.1" 200 583 "http://ec2-52-14-39-183.us-east-2.compute.amazonaws.com/talk/strict" "Mozilla/5.0 (Windows NT 10.0; Win64; x64) AppleWebKit/537.36 (KHTML, like Gecko) Chrome/75.0.3770.142 Safari/537.36"
nginx_1            | 2019/08/08 13:20:11 [info] 10#0: *215 client closed connection while waiting for request, client: 177.136.148.42, server: 0.0.0.0:8080
rabbit_1           | 2019-08-08 13:20:11.249 [info] <0.1374.0> accepting AMQP connection <0.1374.0> (172.19.0.7:46746 -> 172.19.0.2:5672)
rabbit_1           | 2019-08-08 13:20:11.252 [info] <0.1374.0> connection <0.1374.0> (172.19.0.7:46746 -> 172.19.0.2:5672): user 'user' authenticated and granted access to vhost '/'
rabbit_1           | 2019-08-08 13:20:11.259 [info] <0.1374.0> closing AMQP connection <0.1374.0> (172.19.0.7:46746 -> 172.19.0.2:5672, vhost: '/', user: 'user')
rabbit_1           | 2019-08-08 13:20:11.263 [info] <0.1387.0> accepting AMQP connection <0.1387.0> (172.19.0.7:46750 -> 172.19.0.2:5672)
rabbit_1           | 2019-08-08 13:20:11.268 [info] <0.1387.0> connection <0.1387.0> (172.19.0.7:46750 -> 172.19.0.2:5672): user 'user' authenticated and granted access to vhost '/'
rabbit_1           | 2019-08-08 13:20:11.274 [info] <0.1387.0> closing AMQP connection <0.1387.0> (172.19.0.7:46750 -> 172.19.0.2:5672, vhost: '/', user: 'user')
nginx_1            | 177.136.148.42 - - [08/Aug/2019:13:20:11 +0000] "POST /api/conversations/cf094b0463c5473cb1291beaa97561e8/execute HTTP/1.1" 200 554 "http://ec2-52-14-39-183.us-east-2.compute.amazonaws.com/talk/strict" "Mozilla/5.0 (Windows NT 10.0; Win64; x64) AppleWebKit/537.36 (KHTML, like Gecko) Chrome/75.0.3770.142 Safari/537.36"
nginx_1            | 177.136.148.42 - - [08/Aug/2019:13:20:11 +0000] "POST /api/conversations/cf094b0463c5473cb1291beaa97561e8/predict HTTP/1.1" 200 692 "http://ec2-52-14-39-183.us-east-2.compute.amazonaws.com/talk/strict" "Mozilla/5.0 (Windows NT 10.0; Win64; x64) AppleWebKit/537.36 (KHTML, like Gecko) Chrome/75.0.3770.142 Safari/537.36"
nginx_1            | 177.136.148.42 - - [08/Aug/2019:13:20:11 +0000] "GET /api/projects/default/actions HTTP/1.1" 200 98 "http://ec2-52-14-39-183.us-east-2.compute.amazonaws.com/talk/strict" "Mozilla/5.0 (Windows NT 10.0; Win64; x64) AppleWebKit/537.36 (KHTML, like Gecko) Chrome/75.0.3770.142 Safari/537.36"
rabbit_1           | 2019-08-08 13:20:15.545 [info] <0.1400.0> accepting AMQP connection <0.1400.0> (172.19.0.7:46764 -> 172.19.0.2:5672)
rabbit_1           | 2019-08-08 13:20:15.548 [info] <0.1400.0> connection <0.1400.0> (172.19.0.7:46764 -> 172.19.0.2:5672): user 'user' authenticated and granted access to vhost '/'
rabbit_1           | 2019-08-08 13:20:15.552 [info] <0.1400.0> closing AMQP connection <0.1400.0> (172.19.0.7:46764 -> 172.19.0.2:5672, vhost: '/', user: 'user')
nginx_1            | 177.136.148.42 - - [08/Aug/2019:13:20:15 +0000] "POST /api/conversations/cf094b0463c5473cb1291beaa97561e8/execute HTTP/1.1" 200 552 "http://ec2-52-14-39-183.us-east-2.compute.amazonaws.com/talk/strict" "Mozilla/5.0 (Windows NT 10.0; Win64; x64) AppleWebKit/537.36 (KHTML, like Gecko) Chrome/75.0.3770.142 Safari/537.36"
nginx_1            | 177.136.148.42 - - [08/Aug/2019:13:20:20 +0000] "POST /api/projects/default/logs?q=sad HTTP/1.1" 200 488 "http://ec2-52-14-39-183.us-east-2.compute.amazonaws.com/talk/strict" "Mozilla/5.0 (Windows NT 10.0; Win64; x64) AppleWebKit/537.36 (KHTML, like Gecko) Chrome/75.0.3770.142 Safari/537.36"
rabbit_1           | 2019-08-08 13:20:22.914 [info] <0.1413.0> accepting AMQP connection <0.1413.0> (172.19.0.7:46782 -> 172.19.0.2:5672)
rabbit_1           | 2019-08-08 13:20:22.917 [info] <0.1413.0> connection <0.1413.0> (172.19.0.7:46782 -> 172.19.0.2:5672): user 'user' authenticated and granted access to vhost '/'
rabbit_1           | 2019-08-08 13:20:22.923 [info] <0.1413.0> closing AMQP connection <0.1413.0> (172.19.0.7:46782 -> 172.19.0.2:5672, vhost: '/', user: 'user')
nginx_1            | 177.136.148.42 - - [08/Aug/2019:13:20:22 +0000] "POST /api/conversations/cf094b0463c5473cb1291beaa97561e8/events HTTP/1.1" 200 387 "http://ec2-52-14-39-183.us-east-2.compute.amazonaws.com/talk/strict" "Mozilla/5.0 (Windows NT 10.0; Win64; x64) AppleWebKit/537.36 (KHTML, like Gecko) Chrome/75.0.3770.142 Safari/537.36"
nginx_1            | 177.136.148.42 - - [08/Aug/2019:13:20:23 +0000] "GET /api/projects/default/actions HTTP/1.1" 200 98 "http://ec2-52-14-39-183.us-east-2.compute.amazonaws.com/talk/strict" "Mozilla/5.0 (Windows NT 10.0; Win64; x64) AppleWebKit/537.36 (KHTML, like Gecko) Chrome/75.0.3770.142 Safari/537.36"
nginx_1            | 177.136.148.42 - - [08/Aug/2019:13:20:23 +0000] "POST /api/conversations/cf094b0463c5473cb1291beaa97561e8/predict HTTP/1.1" 200 789 "http://ec2-52-14-39-183.us-east-2.compute.amazonaws.com/talk/strict" "Mozilla/5.0 (Windows NT 10.0; Win64; x64) AppleWebKit/537.36 (KHTML, like Gecko) Chrome/75.0.3770.142 Safari/537.36"
rasa-production_1  | 2019-08-08 13:20:24 ERROR    rasa.core.actions.action  - Failed to run custom action 'action_joke'. Couldn't connect to the server at 'http://action_server:5055/webhook'. Is the server running? Error: Cannot connect to host action_server:5055 ssl:None [Name or service not known]
rasa-production_1  | 2019-08-08 13:20:24 ERROR    rasa.core.processor  - Encountered an exception while running action 'action_joke'. Bot will continue, but the actions events are lost. Make sure to fix the exception in your custom code.
rabbit_1           | 2019-08-08 13:20:24.940 [info] <0.1426.0> accepting AMQP connection <0.1426.0> (172.19.0.7:46796 -> 172.19.0.2:5672)
rabbit_1           | 2019-08-08 13:20:24.943 [info] <0.1426.0> connection <0.1426.0> (172.19.0.7:46796 -> 172.19.0.2:5672): user 'user' authenticated and granted access to vhost '/'
rabbit_1           | 2019-08-08 13:20:24.950 [info] <0.1426.0> closing AMQP connection <0.1426.0> (172.19.0.7:46796 -> 172.19.0.2:5672, vhost: '/', user: 'user')
nginx_1            | 177.136.148.42 - - [08/Aug/2019:13:20:24 +0000] "POST /api/conversations/cf094b0463c5473cb1291beaa97561e8/execute HTTP/1.1" 200 655 "http://ec2-52-14-39-183.us-east-2.compute.amazonaws.com/talk/strict" "Mozilla/5.0 (Windows NT 10.0; Win64; x64) AppleWebKit/537.36 (KHTML, like Gecko) Chrome/75.0.3770.142 Safari/537.36"
nginx_1            | 177.136.148.42 - - [08/Aug/2019:13:20:25 +0000] "GET /api/projects/default/actions HTTP/1.1" 200 98 "http://ec2-52-14-39-183.us-east-2.compute.amazonaws.com/talk/strict" "Mozilla/5.0 (Windows NT 10.0; Win64; x64) AppleWebKit/537.36 (KHTML, like Gecko) Chrome/75.0.3770.142 Safari/537.36"
nginx_1            | 177.136.148.42 - - [08/Aug/2019:13:20:25 +0000] "POST /api/conversations/cf094b0463c5473cb1291beaa97561e8/predict HTTP/1.1" 200 812 "http://ec2-52-14-39-183.us-east-2.compute.amazonaws.com/talk/strict" "Mozilla/5.0 (Windows NT 10.0; Win64; x64) AppleWebKit/537.36 (KHTML, like Gecko) Chrome/75.0.3770.142 Safari/537.36"
rasa-worker_1      | [92mStarting Rasa X in production mode... 🚀[0m
rasa-worker_1      | [94mTraining Core model...[0m
rasa-worker_1      | [94mCore model training completed.[0m
rasa-worker_1      | [94mTraining NLU model...[0m
rasa-worker_1      | [94mNLU model training completed.[0m
rasa-worker_1      | [92mYour Rasa model is trained and saved at '/app/models/20190808-125911.tar.gz'.[0m
rasa_rasa-worker_1 exited with code 0
